BL51 BANKED LINKER/LOCATER V6.22.4.0                                                    11/17/2023  07:52:48  PAGE 1


BL51 BANKED LINKER/LOCATER V6.22.4.0, INVOKED BY:
C:\KEIL_V5\C51\BIN\BL51.EXE .\Objects\test_buzzer.obj TO .\Objects\test_buzzer PRINT (.\Listings\test_buzzer.m51) RAMSIZ
>> E (256)


MEMORY MODEL: SMALL


INPUT MODULES INCLUDED:
  .\Objects\test_buzzer.obj (TEST_BUZZER)
  C:\KEIL_V5\C51\LIB\C51S.LIB (?C_STARTUP)
  C:\KEIL_V5\C51\LIB\C51S.LIB (?C_INIT)


LINK MAP OF MODULE:  .\Objects\test_buzzer (TEST_BUZZER)


            TYPE    BASE      LENGTH    RELOCATION   SEGMENT NAME
            -----------------------------------------------------

            * * * * * * *   D A T A   M E M O R Y   * * * * * * *
            REG     0000H     0008H     ABSOLUTE     "REG BANK 0"
            DATA    0008H     0002H     UNIT         ?DT?TEST_BUZZER
            IDATA   000AH     0001H     UNIT         ?STACK

            * * * * * * *   C O D E   M E M O R Y   * * * * * * *
            CODE    0000H     0003H     ABSOLUTE     
                    0003H     0008H                  *** GAP ***
            CODE    000BH     0003H     ABSOLUTE     
                    000EH     07F2H                  *** GAP ***
            CODE    0800H     008CH     UNIT         ?C_C51STARTUP
            CODE    088CH     0023H     UNIT         ?PR?INT0?TEST_BUZZER
            CODE    08AFH     0013H     UNIT         ?PR?MAIN?TEST_BUZZER
            CODE    08C2H     0005H     UNIT         ?C_INITSEG



OVERLAY MAP OF MODULE:   .\Objects\test_buzzer (TEST_BUZZER)


SEGMENT
  +--> CALLED SEGMENT
---------------------
?C_C51STARTUP
  +--> ?PR?MAIN?TEST_BUZZER
  +--> ?C_INITSEG



SYMBOL TABLE OF MODULE:  .\Objects\test_buzzer (TEST_BUZZER)

  VALUE           TYPE          NAME
  ----------------------------------

  -------         MODULE        TEST_BUZZER
  C:0000H         SYMBOL        _ICE_DUMMY_
  D:0090H         PUBLIC        P1
  D:00A0H         PUBLIC        P2
BL51 BANKED LINKER/LOCATER V6.22.4.0                                                  11/17/2023  07:52:48  PAGE 2


  D:00B0H         PUBLIC        P3
  D:00A8H         PUBLIC        IE
  D:00B8H         PUBLIC        IP
  C:08AFH         PUBLIC        main
  D:0008H         PUBLIC        count
  D:0098H         PUBLIC        SCON
  D:0089H         PUBLIC        TMOD
  D:0088H         PUBLIC        TCON
  D:008CH         PUBLIC        TH0
  D:008AH         PUBLIC        TL0
  B:0088H.4       PUBLIC        TR0
  D:00C8H         PUBLIC        T2CON
  D:00D0H         PUBLIC        PSW
  C:088CH         PUBLIC        int0
  B:00A0H.5       PUBLIC        Beep
  -------         PROC          INT0
  C:088CH         LINE#         7
  C:088EH         LINE#         9
  C:0890H         LINE#         10
  C:0893H         LINE#         11
  C:0896H         LINE#         12
  C:08A4H         LINE#         13
  C:08A4H         LINE#         14
  C:08A8H         LINE#         15
  C:08AAH         LINE#         16
  C:08AAH         LINE#         17
  C:08ACH         LINE#         18
  -------         ENDPROC       INT0
  -------         PROC          MAIN
  C:08AFH         LINE#         20
  C:08AFH         LINE#         21
  C:08AFH         LINE#         22
  C:08B2H         LINE#         23
  C:08B5H         LINE#         24
  C:08B8H         LINE#         25
  C:08BBH         LINE#         26
  C:08BDH         LINE#         27
  C:08C0H         LINE#         28
  C:08C0H         LINE#         29
  C:08C0H         LINE#         31
  -------         ENDPROC       MAIN
  -------         ENDMOD        TEST_BUZZER

******************************************************************************
* RESTRICTED VERSION WITH 0800H BYTE CODE SIZE LIMIT; USED: 003DH BYTE ( 2%) *
******************************************************************************

Program Size: data=11.0 xdata=0 code=205
LINK/LOCATE RUN COMPLETE.  0 WARNING(S),  0 ERROR(S)
