C51 COMPILER V9.60.0.0   DISPLAYLCD                                                        12/10/2023 13:56:09 PAGE 1   


C51 COMPILER V9.60.0.0, COMPILATION OF MODULE DISPLAYLCD
OBJECT MODULE PLACED IN .\Objects\displayLCD.obj
COMPILER INVOKED BY: C:\Keil_v5\C51\BIN\C51.EXE displayLCD.c OPTIMIZE(8,SPEED) BROWSE DEBUG OBJECTEXTEND PRINT(.\Listing
                    -s\displayLCD.lst) TABS(2) OBJECT(.\Objects\displayLCD.obj)

line level    source

   1          #include "displayLCD.h"
   2          #include "LCD1602.h"
   3          #include "module_7.h"
   4          #include "module_8.h"
   5          #include "module_9.h"
   6          
   7          void IrInit(void){
   8   1        checkRun = 0;
   9   1        module = 0;
  10   1        IT0 = 1;
  11   1        EX0 = 1;
  12   1        EA = 1; 
  13   1        IRIN = 1;
  14   1      }
  15          
  16          void DelayMs(unsigned int x){
  17   1        unsigned char i;
  18   1        while(x--)
  19   1        {
  20   2          for (i = 0; i<13; i++){}
  21   2        }
  22   1      }
  23          
  24          void ReadIr(void) interrupt 0 {
  25   1        unsigned char j,k;
  26   1        unsigned int err;
  27   1        Time=0;          
  28   1        DelayMs(70); //Goi ham delay de tao do tre 70ms
  29   1        if(IRIN==1) //Kiem tra xem tin hieu hong ngoai co dang nhan duoc khong  
  30   1        { 
  31   2          err=1000; //Dat 1 gia tri timeout 
  32   2          while((IRIN==0)&&(err>0)) //wait den khi TRIN len muc 1 hoac timeout
  33   2          {     
  34   3            DelayMs(1);
  35   3            err--;
  36   3          } 
  37   2          if(IRIN==1) //Neu tin hieu len muc 1    
  38   2          {
  39   3            err=500;
  40   3            while((IRIN==1)&&(err>0))// Wait cho den khi TRIN xuong muc 0 hoac timeout     
  41   3            {
  42   4              DelayMs(1);
  43   4              err--;
  44   4            }
  45   3            for(k=0;k<4;k++) //Nhan 1 byte du lieu
  46   3            {       
  47   4              for(j=0;j<8;j++) //Nhan 8 bitt du lieu  
  48   4              {
  49   5                err=60;   
  50   5                while((IRIN==0)&&(err>0)) // Wait cho den khi TRIN xuong muc 1 hoac timeout
  51   5                {
  52   6                  DelayMs(1);
  53   6                  err--;
  54   6                }
C51 COMPILER V9.60.0.0   DISPLAYLCD                                                        12/10/2023 13:56:09 PAGE 2   

  55   5                err=500;
  56   5                while((IRIN==1)&&(err>0)) // Wait cho den khi TRIN xuong muc 0 hoac timeout 
  57   5                {
  58   6                  DelayMs(1);
  59   6                  Time++;
  60   6                  err--;
  61   6                  if(Time>30) //Neu thoi gian TRIN o muc 1 qua 30ms
  62   6                  {
  63   7                    EX0=1; //Cho ph?p ngat ngoai vi
  64   7                    return; //Thoat khoi ham ngat
  65   7                  }
  66   6                }
  67   5                IrValue[k]>>=1; //bitt 0 se duoc day vao bitt cao nhat cua IrValue[k] 
  68   5                if(Time>=8) //Neu thoi gian TRIN muc cao lon hon 8ms    
  69   5                {
  70   6                  IrValue[k]|=0x80; //bitt 1 se duoc day vao bitt cao nhat cua IrValue[k] 
  71   6                }
  72   5                Time=0; // set time ve 0              
  73   5              }
  74   4            }
  75   3          }
  76   2          if(IrValue[2]!=~IrValue[3]) //Kiem tra tinh nhat quan cua du lieu
  77   2          {
  78   3            return;
  79   3          }
  80   2        }     
  81   1      }
  82          
  83          void hienThiChuc(int x){
  84   1        LcdWriteCom(0x80+0x09);
  85   1        LcdWriteData(x+0x30); 
  86   1      }
  87          
  88          void hienThiDonVi(int x){
  89   1        LcdWriteCom(0x80+0x0a);
  90   1        LcdWriteData(x+0x30); 
  91   1      }
  92            
  93          void reset(void){
  94   1        int i;
  95   1        checkRun = 0;
  96   1        IrValue[2] = 0;
  97   1        module = 0;
  98   1        hienThiDonVi(0x6B);
  99   1        hienThiChuc(0x6B);  
 100   1        LcdWriteCom(0x80+0x40);
 101   1        for(i=0;i<9;i++)
 102   1        {
 103   2          LcdWriteData(CDIS2[i]); 
 104   2        }
 105   1      }
 106          
 107          void xuLi(int x){
 108   1        if(checkRun==0)
 109   1        {
 110   2          module = x*10 + module;
 111   2          hienThiChuc(x);
 112   2          checkRun = 1;
 113   2          IrValue[2] = 0;
 114   2        }
 115   1        else if(checkRun==1)
 116   1        {
C51 COMPILER V9.60.0.0   DISPLAYLCD                                                        12/10/2023 13:56:09 PAGE 3   

 117   2          module = x + module;
 118   2          hienThiDonVi(x);
 119   2          checkRun =3;
 120   2          IrValue[2] = 0;
 121   2        }
 122   1      }
 123          
 124          void runModule(int x){
 125   1        switch (x) 
 126   1        {
 127   2          case 1:
 128   2              // Tr?ng
 129   2              break;
 130   2          case 2:
 131   2              // Tr?ng
 132   2              break;
 133   2          case 3:
 134   2              // Tr?ng
 135   2              break;
 136   2          case 4:
 137   2              // Tr?ng
 138   2              break;
 139   2          case 5:
 140   2              // Tr?ng
 141   2              break;
 142   2          case 6:
 143   2              // Tr?ng
 144   2              break;
 145   2          case 7:
 146   2              //LCD12864_DrowPic(&ars);
 147   2              break;
 148   2          case 8:
 149   2              module_8();
 150   2              break;
 151   2          case 9:
 152   2              module_9();
 153   2              break;
 154   2          case 10:
 155   2              // Tr?ng
 156   2              break;
 157   2          case 11:
 158   2              // Tr?ng
 159   2              break;
 160   2          case 12:
 161   2              // Tr?ng
 162   2              break;
 163   2          case 13:
 164   2              // Tr?ng
 165   2              break;
 166   2          case 14:
 167   2              // Tr?ng
 168   2              break;
 169   2          case 15:
 170   2              // Tr?ng
 171   2              break;
 172   2          case 16:
 173   2              // Tr?ng
 174   2              break;
 175   2          case 17:
 176   2              // Tr?ng
 177   2              break;
 178   2          case 18:
C51 COMPILER V9.60.0.0   DISPLAYLCD                                                        12/10/2023 13:56:09 PAGE 4   

 179   2              // Tr?ng
 180   2              break;
 181   2          case 19:
 182   2              // Tr?ng
 183   2              break;
 184   2          case 20:
 185   2              // Tr?ng
 186   2              break;
 187   2          default:
 188   2              reset();
 189   2              break;
 190   2        }
 191   1      }
 192          
 193          void displayLCD(void){
 194   1        unsigned char i;
 195   1        LcdWriteCom(0x80); 
 196   1        for(i=0;i<9;i++)
 197   1        {
 198   2          LcdWriteData(CDIS1[i]); 
 199   2        }
 200   1        LcdWriteCom(0x80+0x40);
 201   1        for(i=0;i<9;i++)
 202   1        {
 203   2          LcdWriteData(CDIS2[i]); 
 204   2        }
 205   1      }
 206          
 207          void signalRecieved(void){
 208   1        unsigned char i;
 209   1        IrValue[4]=IrValue[2]>>4;
 210   1        IrValue[5]=IrValue[2]&0x0f; 
 211   1        if(IrValue[4]==0x00 && IrValue[5]==0x0D)
 212   1        {     //0   0D
 213   2          nutBam = 0;
 214   2          xuLi(nutBam);
 215   2        }
 216   1        if(IrValue[4]==0x00 && IrValue[5]==0x0C)
 217   1        { //1   0C  
 218   2          nutBam = 1;
 219   2          xuLi(nutBam);
 220   2        }
 221   1        if(IrValue[4]==0x01 && IrValue[5]==0x08)
 222   1        {   //2   18
 223   2          nutBam = 2;
 224   2          xuLi(nutBam);
 225   2        }
 226   1        if(IrValue[4]==0x05 && IrValue[5]==0x0E)
 227   1        {   //3   5E
 228   2          nutBam = 3;
 229   2          xuLi(nutBam);
 230   2        }
 231   1        if(IrValue[4]==0x00 && IrValue[5]==0x08)
 232   1        {     //4   08
 233   2          nutBam = 4;
 234   2          xuLi(nutBam);
 235   2        }
 236   1        if(IrValue[4]==0x01 && IrValue[5]==0x0C)
 237   1        { //5   1C  
 238   2          nutBam = 5;
 239   2          xuLi(nutBam);
 240   2        }
C51 COMPILER V9.60.0.0   DISPLAYLCD                                                        12/10/2023 13:56:09 PAGE 5   

 241   1        if(IrValue[4]==0x05 && IrValue[5]==0x0A)
 242   1        {   //6   5A
 243   2          nutBam = 6;
 244   2          xuLi(nutBam);
 245   2        }
 246   1        if(IrValue[4]==0x04 && IrValue[5]==0x02)
 247   1        {   //7   42
 248   2          nutBam = 7;
 249   2          xuLi(nutBam);
 250   2        }
 251   1        if(IrValue[4]==0x05 && IrValue[5]==0x02)
 252   1        {     //8   52
 253   2          nutBam = 8;
 254   2          xuLi(nutBam);
 255   2        }
 256   1        if(IrValue[4]==0x04 && IrValue[5]==0x0A)
 257   1        { //9   4A
 258   2          nutBam = 9;
 259   2          xuLi(nutBam);
 260   2        }
 261   1        
 262   1        if(IrValue[4]==0x04 && IrValue[5]==0x04)
 263   1        {   //mode    44H
 264   2          if(module < 20)
 265   2          {
 266   3            runModule(module);
 267   3          }
 268   2          else
 269   2          {
 270   3            LcdWriteCom(0x80+0x40);
 271   3            for(i=0;i<9;i++)
 272   3            {
 273   4              LcdWriteData(CDIS4[i]); 
 274   4            }
 275   3            DelayMs(7000);
 276   3          }
 277   2          //reset();
 278   2        }
 279   1        if(IrValue[4]==0x04 && IrValue[5]==0x06)
 280   1        {   //stop    46H
 281   2          LcdWriteCom(0x80+0x40);
 282   2          for(i=0;i<9;i++)
 283   2          {
 284   3            LcdWriteData(CDIS2[i]); //Hien thi 'IR-CODE:--H' len LCD
 285   3          }
 286   2          IrValue[2] = 0;
 287   2        }
 288   1        
 289   1        if(IrValue[4]==0x04 && IrValue[5]==0x05)
 290   1        {   //nguon   45H
 291   2          reset();
 292   2        }
 293   1      }
 294          


MODULE INFORMATION:   STATIC OVERLAYABLE
   CODE SIZE        =    947    ----
   CONSTANT SIZE    =   1086    ----
   XDATA SIZE       =   ----    ----
   PDATA SIZE       =   ----    ----
   DATA SIZE        =     15      11
C51 COMPILER V9.60.0.0   DISPLAYLCD                                                        12/10/2023 13:56:09 PAGE 6   

   IDATA SIZE       =   ----    ----
   BIT SIZE         =   ----    ----
END OF MODULE INFORMATION.


C51 COMPILATION COMPLETE.  0 WARNING(S),  0 ERROR(S)
