C51 COMPILER V9.60.0.0   MODULE_1                                                          12/11/2023 23:06:39 PAGE 1   


C51 COMPILER V9.60.0.0, COMPILATION OF MODULE MODULE_1
OBJECT MODULE PLACED IN .\Objects\module_1.obj
COMPILER INVOKED BY: C:\Keil_v5\C51\BIN\C51.EXE module_1.c OPTIMIZE(8,SPEED) BROWSE DEBUG OBJECTEXTEND PRINT(.\Listings\
                    -module_1.lst) TABS(2) OBJECT(.\Objects\module_1.obj)

line level    source

   1          #include "module_1.h"
   2          
   3          void Time1Config(void){
   4   1        TMOD|= 0x10;
   5   1        TH1 = 0xFF;
   6   1        TL1 = 0xff;
   7   1        ET1 = 1;
   8   1        EA = 1;
   9   1        TR1 = 1;
  10   1      }
  11          
  12          void module_1(void){
  13   1        Time1Config();
  14   1        if(count > 100)
*** ERROR C202 IN LINE 14 OF module_1.c: 'count': undefined identifier
  15   1        {
  16   2          count = 0;
*** ERROR C202 IN LINE 16 OF module_1.c: 'count': undefined identifier
  17   2          if(DIR == 1)
  18   2          {
  19   3            value++;
  20   3          }
  21   2          if(DIR == 0)
  22   2          {
  23   3            value--;
  24   3          }
  25   2        }
  26   1      
  27   1        if(value == 1000)
  28   1        {
  29   2          DIR = 0;
  30   2        }
  31   1        if(value == 0)
  32   1        {
  33   2          DIR = 1;
  34   2        }
  35   1        
  36   1        if(timer1 > 1000)
  37   1        {
  38   2          timer1 = 0;
  39   2        }
  40   1        if(timer1 < value)
  41   1        {
  42   2          module1_PWM = 1;
  43   2        }
  44   1        else
  45   1        {
  46   2          module1_PWM = 0;
  47   2        }
  48   1      }

C51 COMPILATION COMPLETE.  0 WARNING(S),  2 ERROR(S)
