C51 COMPILER V9.60.0.0   MAIN                                                              11/09/2023 23:19:27 PAGE 1   


C51 COMPILER V9.60.0.0, COMPILATION OF MODULE MAIN
OBJECT MODULE PLACED IN .\Objects\main.obj
COMPILER INVOKED BY: C:\Keil_v5\C51\BIN\C51.EXE main.c OPTIMIZE(8,SPEED) BROWSE DEBUG OBJECTEXTEND PRINT(.\Listings\main
                    -.lst) TABS(2) OBJECT(.\Objects\main.obj)

line level    source

   1          #include<REGX52.H>
   2          
   3          #define LED P0
   4          sbit K1 = P3^1;
   5          sbit K2 = P3^0;
   6          sbit K3 = P3^2;
   7          sbit K4 = P3^3;
   8          
   9          
  10          // hexa led 7 doan
  11          unsigned char code veee[]={0x3F, 0x06, 0x5B, 0x4F, 0x66, 0x6D, 0x7D, 0x07, 0x7F, 0x6F};
  12          
  13          void delayMS(unsigned int t)
  14          {
  15   1        int i,j;
  16   1        for(i = 0; i < t; i++){
  17   2          for( j = 0; j < 123; j++) {}
  18   2      }
  19   1        }
  20          // logic sang dan---------------
  21          void sangdan()
  22          {
  23   1        int i, j;
  24   1        LED = 0;
  25   1        delayMS(200);
  26   1        for(i = 0; i < 8;i++)
  27   1        {
  28   2          LED = (LED << 1) | 1;
  29   2          delayMS(200);
  30   2        }
  31   1        LED = 0;
  32   1        for(i = 0; i < 8; i++)
  33   1        {
  34   2          LED = (LED >> 1) | 128;
  35   2          delayMS(200);
  36   2        }
  37   1      }
*** WARNING C280 IN LINE 23 OF main.c: 'j': unreferenced local variable
  38          ///-----------------------------
  39          void dichLedGiamDan()
  40          {
  41   1          int i, j;
  42   1          for(i = 10; i > 0; i--)
  43   1          {
  44   2              LED = veee[i-1];
  45   2              delayMS(500);
  46   2          }
  47   1          LED = 0;
  48   1          delayMS(200);
  49   1      }
*** WARNING C280 IN LINE 41 OF main.c: 'j': unreferenced local variable
  50          
  51          void dichLedTangDan()
  52          {
C51 COMPILER V9.60.0.0   MAIN                                                              11/09/2023 23:19:27 PAGE 2   

  53   1          int i, j;
  54   1          for(i = 0; i < 10; i++)
  55   1          {
  56   2              //LED = (1 << i); // Shift a single LED to the left
  57   2              //delayMS(500);
  58   2              LED = veee[i+1];
  59   2            delayMS(500);
  60   2          }
  61   1          LED = 0;
  62   1          delayMS(500);
  63   1      }
*** WARNING C280 IN LINE 53 OF main.c: 'j': unreferenced local variable
  64          int main(){
  65   1      
  66   1        while(1){
  67   2          if(K1 == 0){
  68   3            dichLedGiamDan();
  69   3        while(K1 == 0);
  70   3        }
  71   2          else if(K2 == 0){
  72   3          dichLedTangDan();
  73   3            while(K2 == 0);
  74   3          }
  75   2      }
  76   1        }


MODULE INFORMATION:   STATIC OVERLAYABLE
   CODE SIZE        =    228    ----
   CONSTANT SIZE    =     10    ----
   XDATA SIZE       =   ----    ----
   PDATA SIZE       =   ----    ----
   DATA SIZE        =   ----      10
   IDATA SIZE       =   ----    ----
   BIT SIZE         =   ----    ----
END OF MODULE INFORMATION.


C51 COMPILATION COMPLETE.  3 WARNING(S),  0 ERROR(S)
