C51 COMPILER V9.60.0.0   DS1302                                                            12/12/2023 11:07:48 PAGE 1   


C51 COMPILER V9.60.0.0, COMPILATION OF MODULE DS1302
OBJECT MODULE PLACED IN .\Objects\ds1302.obj
COMPILER INVOKED BY: C:\Keil_v5\C51\BIN\C51.EXE ds1302.c OPTIMIZE(8,SPEED) BROWSE DEBUG OBJECTEXTEND PRINT(.\Listings\ds
                    -1302.lst) TABS(2) OBJECT(.\Objects\ds1302.obj)

line level    source

   1          #include"ds1302.h"
   2          
   3          uchar code READ_RTC_ADDR[7] = {0x81, 0x83, 0x85, 0x87, 0x89, 0x8b, 0x8d}; 
   4          uchar code WRITE_RTC_ADDR[7] = {0x80, 0x82, 0x84, 0x86, 0x88, 0x8a, 0x8c};
   5          
   6          uchar TIME[7] = {0, 0, 0x12, 0x01, 0x01, 0x02, 0x13};
   7          
   8          void Ds1302Write(uchar addr, uchar dat)
   9          {    
  10   1        uchar n;
  11   1      
  12   1        EA = 0;
  13   1        RST = 0;
  14   1        _nop_();
  15   1      
  16   1        SCLK = 0;
  17   1        _nop_();
  18   1        RST = 1; 
  19   1        _nop_();
  20   1      
  21   1        for (n=0; n<8; n++)
  22   1        {
  23   2          DSIO = addr & 0x01;
  24   2          addr >>= 1;
  25   2          SCLK = 1;
  26   2          _nop_();
  27   2          SCLK = 0;
  28   2          _nop_();
  29   2        }
  30   1        for (n=0; n<8; n++)
  31   1        {
  32   2          DSIO = dat & 0x01;
  33   2          dat >>= 1;
  34   2          SCLK = 1;
  35   2          _nop_();
  36   2          SCLK = 0;
  37   2          _nop_();  
  38   2        } 
  39   1           
  40   1        RST = 0;
  41   1        _nop_();
  42   1          EA = 1;
  43   1      }
  44          
  45          uchar Ds1302Read(uchar addr)
  46          {   
  47   1          uchar n,dat,dat1;
  48   1          
  49   1          EA =0;
  50   1        RST = 0;
  51   1        _nop_();
  52   1      
  53   1        SCLK = 0;
  54   1        _nop_();
C51 COMPILER V9.60.0.0   DS1302                                                            12/12/2023 11:07:48 PAGE 2   

  55   1        RST = 1;
  56   1        _nop_();
  57   1      
  58   1        for(n=0; n<8; n++)
  59   1        {
  60   2          DSIO = addr & 0x01;
  61   2          addr >>= 1;
  62   2          SCLK = 1;
  63   2          _nop_();
  64   2          SCLK = 0;
  65   2          _nop_();
  66   2        }
  67   1        _nop_();
  68   1        for(n=0; n<8; n++)
  69   1        {
  70   2          dat1 = DSIO;
  71   2          dat = (dat>>1) | (dat1<<7);
  72   2          SCLK = 1;
  73   2          _nop_();
  74   2          SCLK = 0;
  75   2          _nop_();
  76   2        }
  77   1      
  78   1        RST = 0;
  79   1        _nop_();  
  80   1        SCLK = 1;
  81   1        _nop_();
  82   1        DSIO = 0;
  83   1        _nop_();
  84   1        DSIO = 1;
  85   1        _nop_();
  86   1          EA = 1;
  87   1        return dat; 
  88   1      }
  89          
  90          void Ds1302Init()
  91          {
  92   1        uchar n;
  93   1        Ds1302Write(0x8E,0X00);    
  94   1        for (n=0; n<7; n++)
  95   1        {
  96   2          Ds1302Write(WRITE_RTC_ADDR[n],TIME[n]); 
  97   2        }
  98   1        Ds1302Write(0x8E,0x80);    
  99   1      }
 100          
 101          void Ds1302ReadTime()
 102          {
 103   1        uchar n;
 104   1        for (n=0; n<7; n++)
 105   1        {
 106   2          TIME[n] = Ds1302Read(READ_RTC_ADDR[n]);
 107   2        }
 108   1          
 109   1      }


MODULE INFORMATION:   STATIC OVERLAYABLE
   CODE SIZE        =    246    ----
   CONSTANT SIZE    =     14    ----
   XDATA SIZE       =   ----    ----
   PDATA SIZE       =   ----    ----
C51 COMPILER V9.60.0.0   DS1302                                                            12/12/2023 11:07:48 PAGE 3   

   DATA SIZE        =      7    ----
   IDATA SIZE       =   ----    ----
   BIT SIZE         =   ----    ----
END OF MODULE INFORMATION.


C51 COMPILATION COMPLETE.  0 WARNING(S),  0 ERROR(S)
