C51 COMPILER V9.60.0.0   MAIN                                                              12/11/2023 19:05:47 PAGE 1   


C51 COMPILER V9.60.0.0, COMPILATION OF MODULE MAIN
OBJECT MODULE PLACED IN main.OBJ
COMPILER INVOKED BY: C:\Keil_v5\C51\BIN\C51.EXE main.c OPTIMIZE(8,SPEED) BROWSE DEBUG OBJECTEXTEND TABS(2)

line level    source

   1          #include<reg51.h> 
   2          #include<intrins.h>
   3          
   4          #define GPIO_LED_6 P2
   5          
   6          unsigned char module5_Time;
   7          
   8          void TimerConfiguration(void);
   9          void Timer0(void);
  10          
  11          void TimerConfiguration(void){
  12   1        TMOD = 0x01; 
  13   1        TH0 = 0x3C;  
  14   1        TL0 = 0xB0; 
  15   1        EA = 1;      
  16   1        ET0 = 1;     
  17   1        TR0 = 1;     
  18   1      }
  19          
  20          void Timer0(void) interrupt 1{
  21   1        TH0 = 0x3C;  
  22   1        TL0 = 0xB0;
  23   1        module5_Time++;
  24   1      }
  25          
  26          void main(void){
  27   1        module5_Time = 0;
  28   1        GPIO_LED_6 = 0XFE;
  29   1        TimerConfiguration();
  30   1        while(1)
  31   1        {
  32   2          if(module5_Time == 10)
  33   2          {
  34   3            GPIO_LED_6 =_crol_(GPIO_LED_6, 1);
  35   3            module5_Time = 0;
  36   3          }
  37   2        }       
  38   1      }  
  39          


MODULE INFORMATION:   STATIC OVERLAYABLE
   CODE SIZE        =     58    ----
   CONSTANT SIZE    =   ----    ----
   XDATA SIZE       =   ----    ----
   PDATA SIZE       =   ----    ----
   DATA SIZE        =      1    ----
   IDATA SIZE       =   ----    ----
   BIT SIZE         =   ----    ----
END OF MODULE INFORMATION.


C51 COMPILATION COMPLETE.  0 WARNING(S),  0 ERROR(S)
