C51 COMPILER V9.60.0.0   AFFA                                                              11/17/2023 10:47:51 PAGE 1   


C51 COMPILER V9.60.0.0, COMPILATION OF MODULE AFFA
OBJECT MODULE PLACED IN .\Objects\affa.obj
COMPILER INVOKED BY: C:\Keil_v5\C51\BIN\C51.EXE affa.c OPTIMIZE(8,SPEED) BROWSE DEBUG OBJECTEXTEND PRINT(.\Listings\affa
                    -.lst) TABS(2) OBJECT(.\Objects\affa.obj)

line level    source

   1          #include <reg52.h>
   2          sbit PWM=P2^0;
   3          unsigned char timer1; 
   4          
   5          void Time1Config();
   6          
   7          void main(void)
   8          {
   9   1              Time1Config();
  10   1              while(1)
  11   1              { 
  12   2                      if(timer1>100)  
  13   2                      {
  14   3                              timer1=0;
  15   3                      }
  16   2                      if(timer1 < 30) 
  17   2                      {
  18   3                              PWM=1;
  19   3                      }
  20   2                      else
  21   2                      {
  22   3                              PWM=0;
  23   3                      }
  24   2              }
  25   1              
  26   1      
  27   1       }
  28          void Time1Config()
  29          {
  30   1              TMOD|= 0x10;   
  31   1              TH1 = 0xFE; 
  32   1              TL1 = 0x0C;
  33   1      
  34   1              
  35   1              ET1 = 1;         
  36   1              EA = 1;
  37   1              TR1 = 1;            
  38   1      }
  39          
  40          
  41          
  42          void Time1(void) interrupt 3    
  43          {
  44   1              TH1 = 0xFE;  
  45   1              TL1 = 0x0C;
  46   1              timer1++;    
  47   1      }


MODULE INFORMATION:   STATIC OVERLAYABLE
   CODE SIZE        =     61    ----
   CONSTANT SIZE    =   ----    ----
   XDATA SIZE       =   ----    ----
   PDATA SIZE       =   ----    ----
C51 COMPILER V9.60.0.0   AFFA                                                              11/17/2023 10:47:51 PAGE 2   

   DATA SIZE        =      1    ----
   IDATA SIZE       =   ----    ----
   BIT SIZE         =   ----    ----
END OF MODULE INFORMATION.


C51 COMPILATION COMPLETE.  0 WARNING(S),  0 ERROR(S)
