C51 COMPILER V9.60.0.0   MAIN                                                              12/11/2023 14:37:04 PAGE 1   


C51 COMPILER V9.60.0.0, COMPILATION OF MODULE MAIN
OBJECT MODULE PLACED IN main.OBJ
COMPILER INVOKED BY: C:\Keil_v5\C51\BIN\C51.EXE main.c OPTIMIZE(8,SPEED) BROWSE DEBUG OBJECTEXTEND TABS(2)

line level    source

   1          #include<reg51.h>
   2          #include"temp.h"
   3          
   4          // Cac chan giao tiep voi man hinh LED 7 doan
   5          #define DIG P0
   6          sbit LSA = P2^2;
   7          sbit LSB = P2^3;
   8          sbit LSC = P2^4;
   9          
  10          // Ma LED 7 doan tuong ung voi cac chu so tu 0 den 9
  11          unsigned char code DIG_CODE[10] = {0x3f, 0x06, 0x5b, 0x4f, 0x66, 0x6d, 0x7d, 0x07, 0x7f, 0x6f};
  12          unsigned char Num = 0;
  13          unsigned int disp[8] = {0x3f, 0x3f, 0x3f, 0x3f, 0x3f, 0x3f, 0x3f, 0x3f};
  14          
  15          // Khai bao cac ham
  16          void LcdDisplay(int);
  17          void Timer0Configuration();
  18          
  19          void main()
  20          {
  21   1          Timer0Configuration();
  22   1          while(1)
  23   1          {
  24   2              LcdDisplay(Ds18b20ReadTemp());
  25   2          }
  26   1      }
  27          
  28          // Ham hien thi nhiet do len LCD
  29          void LcdDisplay(int temp)
  30          {
  31   1          unsigned char datas[] = {0, 0, 0, 0, 0}; // Mang luu tru gia tri nhiet do
  32   1          float tp;
  33   1          if(temp < 0) // Neu nhiet do la so am
  34   1          {
  35   2              disp[2] = 0x40; // Hien thi dau '-'
  36   2              temp = temp - 1;
  37   2              temp = ~temp;
  38   2              tp = temp;
  39   2              temp = tp * 0.0625 * 100 + 0.5;
  40   2          }
  41   1          else
  42   1          {
  43   2              disp[2] = 0; // Khong hien thi dau
  44   2              tp = temp; 
  45   2              temp = tp * 0.0625 * 100 + 0.5;
  46   2          }
  47   1      
  48   1          // Chuyen doi gia tri nhiet do thanh ma hien thi tren LED 7 doan
  49   1          disp[0] = 0;
  50   1          disp[1] = 0;
  51   1          disp[3] = DIG_CODE[temp / 10000];
  52   1          disp[4] = DIG_CODE[temp % 10000 / 1000];
  53   1          disp[5] = DIG_CODE[temp % 1000 / 100] | 0x80; // Them dau '.' vao gia tri
  54   1          disp[6] = DIG_CODE[temp % 100 / 10];
  55   1          disp[7] = DIG_CODE[temp % 10];
C51 COMPILER V9.60.0.0   MAIN                                                              12/11/2023 14:37:04 PAGE 2   

  56   1      }
  57          
  58          // Cau hinh Timer 0
  59          void Timer0Configuration()
  60          {
  61   1          TMOD = 0X02; // Chon che do Timer, che do 2
  62   1      
  63   1          TH0 = 0X9C;  // Gia tri khoi tao cho Timer, 100us
  64   1          TL0 = 0X9C;  
  65   1          ET0 = 1;     // Bat ngat Timer 0
  66   1          EA = 1;      // Bat ngat toan cuc
  67   1          TR0 = 1;     // Khoi dong Timer 0
  68   1      }
  69          
  70          // Ham ngat Timer 0 de hien thi tren man hinh LED 7 doan
  71          void DigDisplay() interrupt 1
  72          {
  73   1          DIG = 0; // Tat hien thi
  74   1          switch(Num)  // Chon digit de hien thi
  75   1          {
  76   2              case(7):
  77   2                  LSA = 0; LSB = 0; LSC = 0; break;
  78   2              case(6):
  79   2                  LSA = 1; LSB = 0; LSC = 0; break;
  80   2              case(5):
  81   2                  LSA = 0; LSB = 1; LSC = 0; break;
  82   2              case(4):
  83   2                  LSA = 1; LSB = 1; LSC = 0; break;
  84   2              case(3):
  85   2                  LSA = 0; LSB = 0; LSC = 1; break;
  86   2              case(2):
  87   2                  LSA = 1; LSB = 0; LSC = 1; break;
  88   2              case(1):
  89   2                  LSA = 0; LSB = 1; LSC = 1; break;
  90   2              case(0):
  91   2                  LSA = 1; LSB = 1; LSC = 1; break; 
  92   2          }
  93   1          DIG = disp[Num]; // Hien thi so tren LED 7 doan
  94   1          Num++;
  95   1          if(Num > 7)
  96   1              Num = 0;
  97   1      }


MODULE INFORMATION:   STATIC OVERLAYABLE
   CODE SIZE        =    465    ----
   CONSTANT SIZE    =     15    ----
   XDATA SIZE       =   ----    ----
   PDATA SIZE       =   ----    ----
   DATA SIZE        =     17      11
   IDATA SIZE       =   ----    ----
   BIT SIZE         =   ----    ----
END OF MODULE INFORMATION.


C51 COMPILATION COMPLETE.  0 WARNING(S),  0 ERROR(S)
