C51 COMPILER V9.60.0.0   MAIN                                                              11/10/2023 10:44:18 PAGE 1   


C51 COMPILER V9.60.0.0, COMPILATION OF MODULE MAIN
OBJECT MODULE PLACED IN main.OBJ
COMPILER INVOKED BY: C:\Keil_v5\C51\BIN\C51.EXE main.c OPTIMIZE(8,SPEED) BROWSE DEBUG OBJECTEXTEND TABS(2)

line level    source

   1          #include<reg51.h> 
   2          #include"lcd.h"
   3          
   4          unsigned char PuZh[]=" Liem__21139076 ";
   5          unsigned char Test[] = "  Xin chao VN  ";
   6          
   7          /*******************************************************************************
   8          *   Chuong trinh         : main
   9          *******************************************************************************/
  10          void main(void)
  11          {
  12   1        unsigned char i;
  13   1        LcdInit();//Goi ham khoi tao cho LCD
  14   1        //Ghi ra man hinh LCD lan luot cac ky tu cua chuoi
  15   1        for(i=0;i<16;i++)
  16   1        {
  17   2          LcdWriteData(PuZh[i]);  
  18   2        }
  19   1        LcdWriteCom(0x80 + 0x40);
  20   1        for (i=0;i < 16;i++){
  21   2           LcdWriteData(Test[i]);
  22   2        }
  23   1        while(1)
  24   1        {
  25   2        }       
  26   1      }


MODULE INFORMATION:   STATIC OVERLAYABLE
   CODE SIZE        =     66    ----
   CONSTANT SIZE    =   ----    ----
   XDATA SIZE       =   ----    ----
   PDATA SIZE       =   ----    ----
   DATA SIZE        =     33       1
   IDATA SIZE       =   ----    ----
   BIT SIZE         =   ----    ----
END OF MODULE INFORMATION.


C51 COMPILATION COMPLETE.  0 WARNING(S),  0 ERROR(S)
